{"email":"prafullamishra45@gmail.com","level":"warn","message":"Registration failed: User already exists","service":"parcel-routing","timestamp":"2026-07-28T04:45:22.721Z"}
{"level":"info","message":"::1 - - [28/Jul/2026:04:45:22 +0000] \"POST /api/auth/register HTTP/1.1\" 400 33 \"http://localhost:5173/\" \"Mozilla/5.0 (Macintosh; Intel Mac OS X 10_15_7) AppleWebKit/605.1.15 (KHTML, like Gecko) Version/18.6 Safari/605.1.15\"","service":"parcel-routing","timestamp":"2026-07-28T04:45:22.727Z"}
{"email":"prafullahra45@gmail.com","level":"info","message":"User registered successfully","service":"parcel-routing","timestamp":"2026-07-28T04:45:36.769Z","userId":"6a6833f0b32b884736a174a7"}
{"level":"info","message":"::1 - - [28/Jul/2026:04:45:36 +0000] \"POST /api/auth/register HTTP/1.1\" 201 161 \"http://localhost:5173/\" \"Mozilla/5.0 (Macintosh; Intel Mac OS X 10_15_7) AppleWebKit/605.1.15 (KHTML, like Gecko) Version/18.6 Safari/605.1.15\"","service":"parcel-routing","timestamp":"2026-07-28T04:45:36.770Z"}
{"email":"123@gmail.com","level":"info","message":"User registered successfully","service":"parcel-routing","timestamp":"2026-07-28T04:46:00.347Z","userId":"6a683408b32b884736a174a8"}
{"level":"info","message":"::1 - - [28/Jul/2026:04:46:00 +0000] \"POST /api/auth/register HTTP/1.1\" 201 145 \"http://localhost:5173/\" \"Mozilla/5.0 (Macintosh; Intel Mac OS X 10_15_7) AppleWebKit/605.1.15 (KHTML, like Gecko) Version/18.6 Safari/605.1.15\"","service":"parcel-routing","timestamp":"2026-07-28T04:46:00.349Z"}
{"email":"123@gmail.com","level":"info","message":"User logged in successfully","service":"parcel-routing","timestamp":"2026-07-28T04:46:10.156Z","userId":"6a683408b32b884736a174a8"}
{"level":"info","message":"::1 - - [28/Jul/2026:04:46:10 +0000] \"POST /api/auth/login HTTP/1.1\" 200 133 \"http://localhost:5173/\" \"Mozilla/5.0 (Macintosh; Intel Mac OS X 10_15_7) AppleWebKit/605.1.15 (KHTML, like Gecko) Version/18.6 Safari/605.1.15\"","service":"parcel-routing","timestamp":"2026-07-28T04:46:10.157Z"}
{"department":"Mail Department","level":"info","message":"Parcel routed successfully","parcelId":"6a68345cb32b884736a174a9","service":"parcel-routing","timestamp":"2026-07-28T04:47:24.325Z","userId":"6a683408b32b884736a174a8"}
{"level":"info","message":"::1 - - [28/Jul/2026:04:47:24 +0000] \"POST /api/parcels/route HTTP/1.1\" 200 262 \"http://localhost:5173/\" \"Mozilla/5.0 (Macintosh; Intel Mac OS X 10_15_7) AppleWebKit/605.1.15 (KHTML, like Gecko) Version/18.6 Safari/605.1.15\"","service":"parcel-routing","timestamp":"2026-07-28T04:47:24.327Z"}
{"department":"Regular Department","level":"info","message":"Parcel routed successfully","parcelId":"6a683464b32b884736a174aa","service":"parcel-routing","timestamp":"2026-07-28T04:47:32.501Z","userId":"6a683408b32b884736a174a8"}
{"level":"info","message":"::1 - - [28/Jul/2026:04:47:32 +0000] \"POST /api/parcels/route HTTP/1.1\" 200 266 \"http://localhost:5173/\" \"Mozilla/5.0 (Macintosh; Intel Mac OS X 10_15_7) AppleWebKit/605.1.15 (KHTML, like Gecko) Version/18.6 Safari/605.1.15\"","service":"parcel-routing","timestamp":"2026-07-28T04:47:32.502Z"}
{"department":"Heavy Department","level":"info","message":"Parcel routed successfully","parcelId":"6a68346ab32b884736a174ab","service":"parcel-routing","timestamp":"2026-07-28T04:47:38.818Z","userId":"6a683408b32b884736a174a8"}
{"level":"info","message":"::1 - - [28/Jul/2026:04:47:38 +0000] \"POST /api/parcels/route HTTP/1.1\" 200 264 \"http://localhost:5173/\" \"Mozilla/5.0 (Macintosh; Intel Mac OS X 10_15_7) AppleWebKit/605.1.15 (KHTML, like Gecko) Version/18.6 Safari/605.1.15\"","service":"parcel-routing","timestamp":"2026-07-28T04:47:38.820Z"}
{"department":"Heavy Department","level":"info","message":"Parcel routed successfully","parcelId":"6a683476b32b884736a174ac","service":"parcel-routing","timestamp":"2026-07-28T04:47:50.636Z","userId":"6a683408b32b884736a174a8"}
{"level":"info","message":"::1 - - [28/Jul/2026:04:47:50 +0000] \"POST /api/parcels/route HTTP/1.1\" 200 283 \"http://localhost:5173/\" \"Mozilla/5.0 (Macintosh; Intel Mac OS X 10_15_7) AppleWebKit/605.1.15 (KHTML, like Gecko) Version/18.6 Safari/605.1.15\"","service":"parcel-routing","timestamp":"2026-07-28T04:47:50.637Z"}
{"department":"Regular Department","level":"info","message":"Parcel routed successfully","parcelId":"6a68347ab32b884736a174ad","service":"parcel-routing","timestamp":"2026-07-28T04:47:54.761Z","userId":"6a683408b32b884736a174a8"}
{"level":"info","message":"::1 - - [28/Jul/2026:04:47:54 +0000] \"POST /api/parcels/route HTTP/1.1\" 200 285 \"http://localhost:5173/\" \"Mozilla/5.0 (Macintosh; Intel Mac OS X 10_15_7) AppleWebKit/605.1.15 (KHTML, like Gecko) Version/18.6 Safari/605.1.15\"","service":"parcel-routing","timestamp":"2026-07-28T04:47:54.762Z"}
{"department":"Mail Department","level":"info","message":"Parcel routed successfully","parcelId":"6a683480b32b884736a174ae","service":"parcel-routing","timestamp":"2026-07-28T04:48:00.872Z","userId":"6a683408b32b884736a174a8"}
{"level":"info","message":"::1 - - [28/Jul/2026:04:48:00 +0000] \"POST /api/parcels/route HTTP/1.1\" 200 283 \"http://localhost:5173/\" \"Mozilla/5.0 (Macintosh; Intel Mac OS X 10_15_7) AppleWebKit/605.1.15 (KHTML, like Gecko) Version/18.6 Safari/605.1.15\"","service":"parcel-routing","timestamp":"2026-07-28T04:48:00.874Z"}
{"email":"asdf@gmail.com","level":"warn","message":"Login failed: User not found","service":"parcel-routing","timestamp":"2026-07-28T04:48:54.699Z"}
{"level":"info","message":"::1 - - [28/Jul/2026:04:48:54 +0000] \"POST /api/auth/login HTTP/1.1\" 401 33 \"http://localhost:5173/\" \"Mozilla/5.0 (Macintosh; Intel Mac OS X 10_15_7) AppleWebKit/605.1.15 (KHTML, like Gecko) Version/18.6 Safari/605.1.15\"","service":"parcel-routing","timestamp":"2026-07-28T04:48:54.700Z"}
{"errors":[{"code":"too_small","exact":false,"inclusive":true,"message":"Password must be at least 6 characters","minimum":6,"path":["password"],"type":"string"}],"level":"warn","message":"Validation failed","service":"parcel-routing","timestamp":"2026-07-28T04:50:43.022Z"}
{"level":"info","message":"::1 - - [28/Jul/2026:04:50:43 +0000] \"POST /api/auth/register HTTP/1.1\" 400 114 \"http://localhost:5173/\" \"Mozilla/5.0 (Macintosh; Intel Mac OS X 10_15_7) AppleWebKit/605.1.15 (KHTML, like Gecko) Version/18.6 Safari/605.1.15\"","service":"parcel-routing","timestamp":"2026-07-28T04:50:43.023Z"}
{"email":"pra@gmail.com","level":"info","message":"User registered successfully","service":"parcel-routing","timestamp":"2026-07-28T04:51:02.527Z","userId":"6a683536b32b884736a174af"}
{"level":"info","message":"::1 - - [28/Jul/2026:04:51:02 +0000] \"POST /api/auth/register HTTP/1.1\" 201 142 \"http://localhost:5173/\" \"Mozilla/5.0 (Macintosh; Intel Mac OS X 10_15_7) AppleWebKit/605.1.15 (KHTML, like Gecko) Version/18.6 Safari/605.1.15\"","service":"parcel-routing","timestamp":"2026-07-28T04:51:02.528Z"}
{"email":"pra@gmail.com","level":"info","message":"User logged in successfully","service":"parcel-routing","timestamp":"2026-07-28T04:51:14.777Z","userId":"6a683536b32b884736a174af"}
{"level":"info","message":"::1 - - [28/Jul/2026:04:51:14 +0000] \"POST /api/auth/login HTTP/1.1\" 200 130 \"http://localhost:5173/\" \"Mozilla/5.0 (Macintosh; Intel Mac OS X 10_15_7) AppleWebKit/605.1.15 (KHTML, like Gecko) Version/18.6 Safari/605.1.15\"","service":"parcel-routing","timestamp":"2026-07-28T04:51:14.778Z"}
{"email":"pra@gmail.com","level":"info","message":"User logged in successfully","service":"parcel-routing","timestamp":"2026-07-28T04:59:26.102Z","userId":"6a683536b32b884736a174af"}
{"level":"info","message":"::1 - - [28/Jul/2026:04:59:26 +0000] \"POST /api/auth/login HTTP/1.1\" 200 130 \"http://localhost:5173/\" \"Mozilla/5.0 (Macintosh; Intel Mac OS X 10_15_7) AppleWebKit/605.1.15 (KHTML, like Gecko) Version/18.6 Safari/605.1.15\"","service":"parcel-routing","timestamp":"2026-07-28T04:59:26.103Z"}
{"failed":0,"level":"info","message":"Batch upload completed","processed":3,"service":"parcel-routing","successful":3,"timestamp":"2026-07-28T05:00:28.801Z","userId":"6a683536b32b884736a174af"}
{"level":"info","message":"::1 - - [28/Jul/2026:05:00:28 +0000] \"POST /api/parcels/upload HTTP/1.1\" 200 406 \"http://localhost:5173/\" \"Mozilla/5.0 (Macintosh; Intel Mac OS X 10_15_7) AppleWebKit/605.1.15 (KHTML, like Gecko) Version/18.6 Safari/605.1.15\"","service":"parcel-routing","timestamp":"2026-07-28T05:00:28.803Z"}
{"errors":[{"code":"invalid_type","expected":"string","message":"Required","path":["parcels",1,"destinationCountry"],"received":"undefined"}],"level":"warn","message":"Validation failed","service":"parcel-routing","timestamp":"2026-07-28T05:00:42.448Z"}
{"level":"info","message":"::1 - - [28/Jul/2026:05:00:42 +0000] \"POST /api/parcels/upload HTTP/1.1\" 400 104 \"http://localhost:5173/\" \"Mozilla/5.0 (Macintosh; Intel Mac OS X 10_15_7) AppleWebKit/605.1.15 (KHTML, like Gecko) Version/18.6 Safari/605.1.15\"","service":"parcel-routing","timestamp":"2026-07-28T05:00:42.448Z"}
{"failed":0,"level":"info","message":"Batch upload completed","processed":3,"service":"parcel-routing","successful":3,"timestamp":"2026-07-28T05:00:56.862Z","userId":"6a683536b32b884736a174af"}
{"level":"info","message":"::1 - - [28/Jul/2026:05:00:56 +0000] \"POST /api/parcels/upload HTTP/1.1\" 200 406 \"http://localhost:5173/\" \"Mozilla/5.0 (Macintosh; Intel Mac OS X 10_15_7) AppleWebKit/605.1.15 (KHTML, like Gecko) Version/18.6 Safari/605.1.15\"","service":"parcel-routing","timestamp":"2026-07-28T05:00:56.864Z"}
{"failed":0,"level":"info","message":"Batch upload completed","processed":3,"service":"parcel-routing","successful":3,"timestamp":"2026-07-28T05:01:05.865Z","userId":"6a683536b32b884736a174af"}
{"level":"info","message":"::1 - - [28/Jul/2026:05:01:05 +0000] \"POST /api/parcels/upload HTTP/1.1\" 200 404 \"http://localhost:5173/\" \"Mozilla/5.0 (Macintosh; Intel Mac OS X 10_15_7) AppleWebKit/605.1.15 (KHTML, like Gecko) Version/18.6 Safari/605.1.15\"","service":"parcel-routing","timestamp":"2026-07-28T05:01:05.866Z"}
{"count":9,"level":"info","message":"Routing history retrieved","service":"parcel-routing","timestamp":"2026-07-28T05:02:16.064Z","userId":"6a683536b32b884736a174af"}
{"level":"info","message":"::1 - - [28/Jul/2026:05:02:16 +0000] \"GET /api/parcels/history HTTP/1.1\" 200 2213 \"http://localhost:5173/\" \"Mozilla/5.0 (Macintosh; Intel Mac OS X 10_15_7) AppleWebKit/605.1.15 (KHTML, like Gecko) Version/18.6 Safari/605.1.15\"","service":"parcel-routing","timestamp":"2026-07-28T05:02:16.066Z"}
{"level":"info","message":"Configuration validation passed","service":"parcel-routing","timestamp":"2026-07-28T07:13:57.813Z"}
{"email":"pra@gmail.com","level":"info","message":"User logged in successfully","service":"parcel-routing","timestamp":"2026-07-28T07:14:53.334Z","userId":"6a683536b32b884736a174af"}
{"level":"info","message":"::1 - - [28/Jul/2026:07:14:53 +0000] \"POST /api/auth/login HTTP/1.1\" 200 130 \"http://localhost:5173/\" \"Mozilla/5.0 (Macintosh; Intel Mac OS X 10_15_7) AppleWebKit/605.1.15 (KHTML, like Gecko) Version/18.6 Safari/605.1.15\"","service":"parcel-routing","timestamp":"2026-07-28T07:14:53.337Z"}
{"count":9,"level":"info","message":"Routing history retrieved","service":"parcel-routing","timestamp":"2026-07-28T07:15:06.243Z","userId":"6a683536b32b884736a174af"}
{"level":"info","message":"::1 - - [28/Jul/2026:07:15:06 +0000] \"GET /api/parcels/history HTTP/1.1\" 304 - \"http://localhost:5173/\" \"Mozilla/5.0 (Macintosh; Intel Mac OS X 10_15_7) AppleWebKit/605.1.15 (KHTML, like Gecko) Version/18.6 Safari/605.1.15\"","service":"parcel-routing","timestamp":"2026-07-28T07:15:06.245Z"}
{"level":"info","message":"Configuration validation passed","service":"parcel-routing","timestamp":"2026-07-28T07:18:35.451Z"}
{"level":"info","message":"Configuration validation passed","service":"parcel-routing","timestamp":"2026-07-28T07:18:43.029Z"}
{"email":"pra@gmail.com","level":"info","message":"User logged in successfully","service":"parcel-routing","timestamp":"2026-07-28T07:23:03.896Z","userId":"6a683536b32b884736a174af"}
{"level":"info","message":"::1 - - [28/Jul/2026:07:23:03 +0000] \"POST /api/auth/login HTTP/1.1\" 200 130 \"http://localhost:5173/\" \"Mozilla/5.0 (Macintosh; Intel Mac OS X 10_15_7) AppleWebKit/605.1.15 (KHTML, like Gecko) Version/18.6 Safari/605.1.15\"","service":"parcel-routing","timestamp":"2026-07-28T07:23:03.898Z"}
{"count":9,"level":"info","message":"Routing history retrieved","service":"parcel-routing","timestamp":"2026-07-28T07:23:07.825Z","userId":"6a683536b32b884736a174af"}
{"level":"info","message":"::1 - - [28/Jul/2026:07:23:07 +0000] \"GET /api/parcels/history HTTP/1.1\" 304 - \"http://localhost:5173/\" \"Mozilla/5.0 (Macintosh; Intel Mac OS X 10_15_7) AppleWebKit/605.1.15 (KHTML, like Gecko) Version/18.6 Safari/605.1.15\"","service":"parcel-routing","timestamp":"2026-07-28T07:23:07.827Z"}
{"level":"info","message":"Configuration validation passed","service":"parcel-routing","timestamp":"2026-07-28T07:50:24.139Z"}
{"email":"pra@gmail.com","level":"info","message":"User logged in successfully","service":"parcel-routing","timestamp":"2026-07-28T07:52:02.358Z","userId":"6a683536b32b884736a174af"}
{"level":"info","message":"::1 - - [28/Jul/2026:07:52:02 +0000] \"POST /api/auth/login HTTP/1.1\" 200 130 \"http://localhost:5173/\" \"Mozilla/5.0 (Macintosh; Intel Mac OS X 10_15_7) AppleWebKit/605.1.15 (KHTML, like Gecko) Version/18.6 Safari/605.1.15\"","service":"parcel-routing","timestamp":"2026-07-28T07:52:02.360Z"}
{"count":9,"level":"info","message":"Routing history retrieved","service":"parcel-routing","timestamp":"2026-07-28T07:52:18.532Z","userId":"6a683536b32b884736a174af"}
{"level":"info","message":"::1 - - [28/Jul/2026:07:52:18 +0000] \"GET /api/parcels/history HTTP/1.1\" 304 - \"http://localhost:5173/\" \"Mozilla/5.0 (Macintosh; Intel Mac OS X 10_15_7) AppleWebKit/605.1.15 (KHTML, like Gecko) Version/18.6 Safari/605.1.15\"","service":"parcel-routing","timestamp":"2026-07-28T07:52:18.534Z"}
{"count":9,"level":"info","message":"Routing history retrieved","service":"parcel-routing","timestamp":"2026-07-28T07:53:02.926Z","userId":"6a683536b32b884736a174af"}
{"level":"info","message":"::1 - - [28/Jul/2026:07:53:02 +0000] \"GET /api/parcels/history HTTP/1.1\" 304 - \"http://localhost:5173/\" \"Mozilla/5.0 (Macintosh; Intel Mac OS X 10_15_7) AppleWebKit/605.1.15 (KHTML, like Gecko) Version/18.6 Safari/605.1.15\"","service":"parcel-routing","timestamp":"2026-07-28T07:53:02.927Z"}
{"department":"Regular Department","level":"info","message":"Parcel routed successfully","parcelId":"6a685feb1b6a8a3152735900","service":"parcel-routing","timestamp":"2026-07-28T07:53:15.588Z","userId":"6a683536b32b884736a174af"}
{"level":"info","message":"::1 - - [28/Jul/2026:07:53:15 +0000] \"POST /api/parcels/route HTTP/1.1\" 200 266 \"http://localhost:5173/\" \"Mozilla/5.0 (Macintosh; Intel Mac OS X 10_15_7) AppleWebKit/605.1.15 (KHTML, like Gecko) Version/18.6 Safari/605.1.15\"","service":"parcel-routing","timestamp":"2026-07-28T07:53:15.589Z"}
{"count":10,"level":"info","message":"Routing history retrieved","service":"parcel-routing","timestamp":"2026-07-28T07:53:23.307Z","userId":"6a683536b32b884736a174af"}
{"level":"info","message":"::1 - - [28/Jul/2026:07:53:23 +0000] \"GET /api/parcels/history HTTP/1.1\" 200 2430 \"http://localhost:5173/\" \"Mozilla/5.0 (Macintosh; Intel Mac OS X 10_15_7) AppleWebKit/605.1.15 (KHTML, like Gecko) Version/18.6 Safari/605.1.15\"","service":"parcel-routing","timestamp":"2026-07-28T07:53:23.309Z"}
{"count":10,"level":"info","message":"Routing history retrieved","service":"parcel-routing","timestamp":"2026-07-28T07:53:23.311Z","userId":"6a683536b32b884736a174af"}
{"level":"info","message":"::1 - - [28/Jul/2026:07:53:23 +0000] \"GET /api/parcels/history HTTP/1.1\" 200 2430 \"http://localhost:5173/\" \"Mozilla/5.0 (Macintosh; Intel Mac OS X 10_15_7) AppleWebKit/605.1.15 (KHTML, like Gecko) Version/18.6 Safari/605.1.15\"","service":"parcel-routing","timestamp":"2026-07-28T07:53:23.312Z"}
{"count":10,"level":"info","message":"Routing history retrieved","service":"parcel-routing","timestamp":"2026-07-28T07:53:33.438Z","userId":"6a683536b32b884736a174af"}
{"level":"info","message":"::1 - - [28/Jul/2026:07:53:33 +0000] \"GET /api/parcels/history HTTP/1.1\" 304 - \"http://localhost:5173/\" \"Mozilla/5.0 (Macintosh; Intel Mac OS X 10_15_7) AppleWebKit/605.1.15 (KHTML, like Gecko) Version/18.6 Safari/605.1.15\"","service":"parcel-routing","timestamp":"2026-07-28T07:53:33.440Z"}
{"count":10,"level":"info","message":"Routing history retrieved","service":"parcel-routing","timestamp":"2026-07-28T07:53:33.444Z","userId":"6a683536b32b884736a174af"}
{"level":"info","message":"::1 - - [28/Jul/2026:07:53:33 +0000] \"GET /api/parcels/history HTTP/1.1\" 304 - \"http://localhost:5173/\" \"Mozilla/5.0 (Macintosh; Intel Mac OS X 10_15_7) AppleWebKit/605.1.15 (KHTML, like Gecko) Version/18.6 Safari/605.1.15\"","service":"parcel-routing","timestamp":"2026-07-28T07:53:33.445Z"}
{"count":10,"level":"info","message":"Routing history retrieved","service":"parcel-routing","timestamp":"2026-07-28T07:53:45.725Z","userId":"6a683536b32b884736a174af"}
{"level":"info","message":"::1 - - [28/Jul/2026:07:53:45 +0000] \"GET /api/parcels/history HTTP/1.1\" 304 - \"http://localhost:5173/\" \"Mozilla/5.0 (Macintosh; Intel Mac OS X 10_15_7) AppleWebKit/605.1.15 (KHTML, like Gecko) Version/18.6 Safari/605.1.15\"","service":"parcel-routing","timestamp":"2026-07-28T07:53:45.727Z"}
{"count":10,"level":"info","message":"Routing history retrieved","service":"parcel-routing","timestamp":"2026-07-28T07:53:45.737Z","userId":"6a683536b32b884736a174af"}
{"level":"info","message":"::1 - - [28/Jul/2026:07:53:45 +0000] \"GET /api/parcels/history HTTP/1.1\" 304 - \"http://localhost:5173/\" \"Mozilla/5.0 (Macintosh; Intel Mac OS X 10_15_7) AppleWebKit/605.1.15 (KHTML, like Gecko) Version/18.6 Safari/605.1.15\"","service":"parcel-routing","timestamp":"2026-07-28T07:53:45.738Z"}
{"email":"full@gmail.com","level":"info","message":"User registered successfully","service":"parcel-routing","timestamp":"2026-07-28T07:58:18.231Z","userId":"6a68611a1b6a8a3152735901"}
{"level":"info","message":"::1 - - [28/Jul/2026:07:58:18 +0000] \"POST /api/auth/register HTTP/1.1\" 201 148 \"http://localhost:5173/\" \"Mozilla/5.0 (Macintosh; Intel Mac OS X 10_15_7) AppleWebKit/605.1.15 (KHTML, like Gecko) Version/18.6 Safari/605.1.15\"","service":"parcel-routing","timestamp":"2026-07-28T07:58:18.232Z"}
{"email":"full@gmail.com","level":"info","message":"User logged in successfully","service":"parcel-routing","timestamp":"2026-07-28T07:58:27.103Z","userId":"6a68611a1b6a8a3152735901"}
{"level":"info","message":"::1 - - [28/Jul/2026:07:58:27 +0000] \"POST /api/auth/login HTTP/1.1\" 200 136 \"http://localhost:5173/\" \"Mozilla/5.0 (Macintosh; Intel Mac OS X 10_15_7) AppleWebKit/605.1.15 (KHTML, like Gecko) Version/18.6 Safari/605.1.15\"","service":"parcel-routing","timestamp":"2026-07-28T07:58:27.104Z"}
{"count":0,"level":"info","message":"Routing history retrieved","service":"parcel-routing","timestamp":"2026-07-28T07:58:30.183Z","userId":"6a68611a1b6a8a3152735901"}
{"level":"info","message":"::1 - - [28/Jul/2026:07:58:30 +0000] \"GET /api/parcels/history HTTP/1.1\" 200 65 \"http://localhost:5173/\" \"Mozilla/5.0 (Macintosh; Intel Mac OS X 10_15_7) AppleWebKit/605.1.15 (KHTML, like Gecko) Version/18.6 Safari/605.1.15\"","service":"parcel-routing","timestamp":"2026-07-28T07:58:30.194Z"}
{"email":"pra@gmail.com","level":"info","message":"User logged in successfully","service":"parcel-routing","timestamp":"2026-07-28T08:00:23.633Z","userId":"6a683536b32b884736a174af"}
{"level":"info","message":"::1 - - [28/Jul/2026:08:00:23 +0000] \"POST /api/auth/login HTTP/1.1\" 200 130 \"http://localhost:5173/\" \"Mozilla/5.0 (Macintosh; Intel Mac OS X 10_15_7) AppleWebKit/605.1.15 (KHTML, like Gecko) Version/18.6 Safari/605.1.15\"","service":"parcel-routing","timestamp":"2026-07-28T08:00:23.635Z"}
{"count":10,"level":"info","message":"Routing history retrieved","service":"parcel-routing","timestamp":"2026-07-28T08:00:37.300Z","userId":"6a683536b32b884736a174af"}
{"level":"info","message":"::1 - - [28/Jul/2026:08:00:37 +0000] \"GET /api/parcels/history HTTP/1.1\" 200 2430 \"http://localhost:5173/\" \"Mozilla/5.0 (Macintosh; Intel Mac OS X 10_15_7) AppleWebKit/605.1.15 (KHTML, like Gecko) Version/18.6 Safari/605.1.15\"","service":"parcel-routing","timestamp":"2026-07-28T08:00:37.302Z"}
{"count":10,"level":"info","message":"Routing history retrieved","service":"parcel-routing","timestamp":"2026-07-28T08:00:37.303Z","userId":"6a683536b32b884736a174af"}
{"level":"info","message":"::1 - - [28/Jul/2026:08:00:37 +0000] \"GET /api/parcels/history HTTP/1.1\" 200 2430 \"http://localhost:5173/\" \"Mozilla/5.0 (Macintosh; Intel Mac OS X 10_15_7) AppleWebKit/605.1.15 (KHTML, like Gecko) Version/18.6 Safari/605.1.15\"","service":"parcel-routing","timestamp":"2026-07-28T08:00:37.304Z"}
{"email":"admin@gmail.com","level":"info","message":"User registered successfully","service":"parcel-routing","timestamp":"2026-07-28T08:01:45.927Z","userId":"6a6861e91b6a8a3152735902"}
{"level":"info","message":"::1 - - [28/Jul/2026:08:01:45 +0000] \"POST /api/auth/register HTTP/1.1\" 201 143 \"http://localhost:5173/\" \"Mozilla/5.0 (Macintosh; Intel Mac OS X 10_15_7) AppleWebKit/605.1.15 (KHTML, like Gecko) Version/18.6 Safari/605.1.15\"","service":"parcel-routing","timestamp":"2026-07-28T08:01:45.928Z"}
{"email":"admin@gmail.com","level":"info","message":"User logged in successfully","service":"parcel-routing","timestamp":"2026-07-28T08:01:54.830Z","userId":"6a6861e91b6a8a3152735902"}
{"level":"info","message":"::1 - - [28/Jul/2026:08:01:54 +0000] \"POST /api/auth/login HTTP/1.1\" 200 131 \"http://localhost:5173/\" \"Mozilla/5.0 (Macintosh; Intel Mac OS X 10_15_7) AppleWebKit/605.1.15 (KHTML, like Gecko) Version/18.6 Safari/605.1.15\"","service":"parcel-routing","timestamp":"2026-07-28T08:01:54.831Z"}
{"level":"info","message":"Configuration validation passed","service":"parcel-routing","timestamp":"2026-07-28T08:05:14.125Z"}
{"email":"pra@gmail.com","level":"info","message":"User logged in successfully","service":"parcel-routing","timestamp":"2026-07-28T08:05:33.414Z","userId":"6a683536b32b884736a174af"}
{"level":"info","message":"::1 - - [28/Jul/2026:08:05:33 +0000] \"POST /api/auth/login HTTP/1.1\" 200 130 \"http://localhost:5173/\" \"Mozilla/5.0 (Macintosh; Intel Mac OS X 10_15_7) AppleWebKit/605.1.15 (KHTML, like Gecko) Version/18.6 Safari/605.1.15\"","service":"parcel-routing","timestamp":"2026-07-28T08:05:33.417Z"}
{"count":10,"level":"info","message":"Routing history retrieved","service":"parcel-routing","timestamp":"2026-07-28T08:05:40.642Z","userId":"6a683536b32b884736a174af"}
{"level":"info","message":"::1 - - [28/Jul/2026:08:05:40 +0000] \"GET /api/parcels/history HTTP/1.1\" 304 - \"http://localhost:5173/\" \"Mozilla/5.0 (Macintosh; Intel Mac OS X 10_15_7) AppleWebKit/605.1.15 (KHTML, like Gecko) Version/18.6 Safari/605.1.15\"","service":"parcel-routing","timestamp":"2026-07-28T08:05:40.644Z"}
{"failed":0,"level":"info","message":"Batch upload completed","processed":3,"service":"parcel-routing","successful":3,"timestamp":"2026-07-28T08:08:33.412Z","userId":"6a683536b32b884736a174af"}
{"level":"info","message":"::1 - - [28/Jul/2026:08:08:33 +0000] \"POST /api/parcels/upload HTTP/1.1\" 200 406 \"http://localhost:5173/\" \"Mozilla/5.0 (Macintosh; Intel Mac OS X 10_15_7) AppleWebKit/605.1.15 (KHTML, like Gecko) Version/18.6 Safari/605.1.15\"","service":"parcel-routing","timestamp":"2026-07-28T08:08:33.414Z"}
{"level":"info","message":"Configuration validation passed","service":"parcel-routing","timestamp":"2026-07-28T08:09:29.608Z"}
{"level":"info","message":"Configuration validation passed","service":"parcel-routing","timestamp":"2026-07-28T08:09:37.654Z"}
{"failed":0,"level":"info","message":"Batch upload completed","processed":3,"service":"parcel-routing","successful":3,"timestamp":"2026-07-28T08:10:15.873Z","userId":"6a683536b32b884736a174af"}
{"level":"info","message":"::1 - - [28/Jul/2026:08:10:15 +0000] \"POST /api/parcels/upload HTTP/1.1\" 200 404 \"http://localhost:5173/\" \"Mozilla/5.0 (Macintosh; Intel Mac OS X 10_15_7) AppleWebKit/605.1.15 (KHTML, like Gecko) Version/18.6 Safari/605.1.15\"","service":"parcel-routing","timestamp":"2026-07-28T08:10:15.878Z"}
{"department":"Regular Department","level":"info","message":"Parcel routed successfully","parcelId":"6a6863fc2feafe4a489646bb","service":"parcel-routing","timestamp":"2026-07-28T08:10:36.833Z","userId":"6a683536b32b884736a174af"}
{"level":"info","message":"::1 - - [28/Jul/2026:08:10:36 +0000] \"POST /api/parcels/route HTTP/1.1\" 200 286 \"http://localhost:5173/\" \"Mozilla/5.0 (Macintosh; Intel Mac OS X 10_15_7) AppleWebKit/605.1.15 (KHTML, like Gecko) Version/18.6 Safari/605.1.15\"","service":"parcel-routing","timestamp":"2026-07-28T08:10:36.835Z"}
{"failed":0,"level":"info","message":"Batch upload completed","processed":3,"service":"parcel-routing","successful":3,"timestamp":"2026-07-28T08:10:44.429Z","userId":"6a683536b32b884736a174af"}
{"level":"info","message":"::1 - - [28/Jul/2026:08:10:44 +0000] \"POST /api/parcels/upload HTTP/1.1\" 200 404 \"http://localhost:5173/\" \"Mozilla/5.0 (Macintosh; Intel Mac OS X 10_15_7) AppleWebKit/605.1.15 (KHTML, like Gecko) Version/18.6 Safari/605.1.15\"","service":"parcel-routing","timestamp":"2026-07-28T08:10:44.430Z"}
{"level":"info","message":"Configuration validation passed","service":"parcel-routing","timestamp":"2026-07-28T08:11:31.526Z"}
{"failed":0,"level":"info","message":"Batch upload completed","processed":3,"service":"parcel-routing","successful":3,"timestamp":"2026-07-28T08:13:31.962Z","userId":"6a683536b32b884736a174af"}
{"level":"info","message":"::1 - - [28/Jul/2026:08:13:31 +0000] \"POST /api/parcels/upload HTTP/1.1\" 200 481 \"http://localhost:5173/\" \"Mozilla/5.0 (Macintosh; Intel Mac OS X 10_15_7) AppleWebKit/605.1.15 (KHTML, like Gecko) Version/18.6 Safari/605.1.15\"","service":"parcel-routing","timestamp":"2026-07-28T08:13:31.966Z"}
{"level":"info","message":"Configuration validation passed","service":"parcel-routing","timestamp":"2026-07-28T08:14:38.970Z"}
{"level":"info","message":"Configuration validation passed","service":"parcel-routing","timestamp":"2026-07-28T08:14:58.567Z"}
{"level":"info","message":"Configuration validation passed","service":"parcel-routing","timestamp":"2026-07-28T08:15:06.079Z"}
{"level":"info","message":"Configuration validation passed","service":"parcel-routing","timestamp":"2026-07-28T08:15:17.103Z"}
{"email":"ljl@gmail.com","ip":"::1","level":"warn","message":"Login failed: User not found","service":"parcel-routing","timestamp":"2026-07-28T08:16:54.773Z"}
{"count":1,"ip":"::1","level":"error","message":"ALERT [WARNING]: Multiple authentication failures","recommendation":"Consider IP blocking if pattern continues","service":"parcel-routing","timestamp":"2026-07-28T08:16:54.774Z"}
{"level":"info","message":"::1 - - [28/Jul/2026:08:16:54 +0000] \"POST /api/auth/login HTTP/1.1\" 401 33 \"http://localhost:5173/\" \"Mozilla/5.0 (Macintosh; Intel Mac OS X 10_15_7) AppleWebKit/605.1.15 (KHTML, like Gecko) Version/18.6 Safari/605.1.15\"","service":"parcel-routing","timestamp":"2026-07-28T08:16:54.777Z"}
{"email":"admin@gmail.com","level":"info","message":"User logged in successfully","service":"parcel-routing","timestamp":"2026-07-28T08:19:07.121Z","userId":"6a6861e91b6a8a3152735902"}
{"level":"info","message":"::1 - - [28/Jul/2026:08:19:07 +0000] \"POST /api/auth/login HTTP/1.1\" 200 131 \"http://localhost:5173/\" \"Mozilla/5.0 (Macintosh; Intel Mac OS X 10_15_7) AppleWebKit/605.1.15 (KHTML, like Gecko) Version/18.6 Safari/605.1.15\"","service":"parcel-routing","timestamp":"2026-07-28T08:19:07.123Z"}
{"count":29,"level":"info","message":"Routing history retrieved","service":"parcel-routing","timestamp":"2026-07-28T08:19:28.893Z","userId":"6a6861e91b6a8a3152735902"}
{"level":"info","message":"::1 - - [28/Jul/2026:08:19:28 +0000] \"GET /api/parcels/history HTTP/1.1\" 200 6791 \"http://localhost:5173/\" \"Mozilla/5.0 (Macintosh; Intel Mac OS X 10_15_7) AppleWebKit/605.1.15 (KHTML, like Gecko) Version/18.6 Safari/605.1.15\"","service":"parcel-routing","timestamp":"2026-07-28T08:19:28.896Z"}
{"level":"info","message":"Configuration validation passed","service":"parcel-routing","timestamp":"2026-07-28T08:20:05.744Z"}
{"level":"info","message":"Configuration validation passed","service":"parcel-routing","timestamp":"2026-07-28T08:20:48.122Z"}
{"level":"info","message":"Configuration validation passed","service":"parcel-routing","timestamp":"2026-07-28T08:21:18.111Z"}
{"error":"Operation `users.findOne()` buffering timed out after 10000ms","level":"error","message":"Login error","service":"parcel-routing","timestamp":"2026-07-28T08:22:01.003Z"}
{"level":"info","message":"::1 - - [28/Jul/2026:08:22:01 +0000] \"POST /api/auth/login HTTP/1.1\" 500 35 \"http://localhost:5173/\" \"Mozilla/5.0 (Macintosh; Intel Mac OS X 10_15_7) AppleWebKit/605.1.15 (KHTML, like Gecko) Version/18.6 Safari/605.1.15\"","service":"parcel-routing","timestamp":"2026-07-28T08:22:01.008Z"}
{"error":"Operation `users.findOne()` buffering timed out after 10000ms","level":"error","message":"Login error","service":"parcel-routing","timestamp":"2026-07-28T08:23:46.781Z"}
{"level":"info","message":"::1 - - [28/Jul/2026:08:23:46 +0000] \"POST /api/auth/login HTTP/1.1\" 500 35 \"http://localhost:5173/\" \"Mozilla/5.0 (Macintosh; Intel Mac OS X 10_15_7) AppleWebKit/605.1.15 (KHTML, like Gecko) Version/18.6 Safari/605.1.15\"","service":"parcel-routing","timestamp":"2026-07-28T08:23:46.784Z"}
{"error":"Operation `users.findOne()` buffering timed out after 10000ms","level":"error","message":"Login error","service":"parcel-routing","timestamp":"2026-07-28T08:24:12.629Z"}
{"level":"info","message":"::1 - - [28/Jul/2026:08:24:12 +0000] \"POST /api/auth/login HTTP/1.1\" 500 35 \"http://localhost:5173/\" \"Mozilla/5.0 (Macintosh; Intel Mac OS X 10_15_7) AppleWebKit/605.1.15 (KHTML, like Gecko) Version/18.6 Safari/605.1.15\"","service":"parcel-routing","timestamp":"2026-07-28T08:24:12.631Z"}
{"error":"Operation `users.findOne()` buffering timed out after 10000ms","level":"error","message":"Login error","service":"parcel-routing","timestamp":"2026-07-28T08:25:32.939Z"}
{"level":"info","message":"::1 - - [28/Jul/2026:08:25:32 +0000] \"POST /api/auth/login HTTP/1.1\" 500 35 \"http://localhost:5173/\" \"Mozilla/5.0 (Macintosh; Intel Mac OS X 10_15_7) AppleWebKit/605.1.15 (KHTML, like Gecko) Version/18.6 Safari/605.1.15\"","service":"parcel-routing","timestamp":"2026-07-28T08:25:32.941Z"}
{"error":"Operation `users.findOne()` buffering timed out after 10000ms","level":"error","message":"Login error","service":"parcel-routing","timestamp":"2026-07-28T08:27:56.721Z"}
{"level":"info","message":"::1 - - [28/Jul/2026:08:27:56 +0000] \"POST /api/auth/login HTTP/1.1\" 500 35 \"http://localhost:5173/\" \"Mozilla/5.0 (Macintosh; Intel Mac OS X 10_15_7) AppleWebKit/605.1.15 (KHTML, like Gecko) Version/18.6 Safari/605.1.15\"","service":"parcel-routing","timestamp":"2026-07-28T08:27:56.724Z"}
{"error":"Operation `users.findOne()` buffering timed out after 10000ms","level":"error","message":"Login error","service":"parcel-routing","timestamp":"2026-07-28T08:28:15.368Z"}
{"level":"info","message":"::1 - - [28/Jul/2026:08:28:15 +0000] \"POST /api/auth/login HTTP/1.1\" 500 35 \"http://localhost:5173/\" \"Mozilla/5.0 (Macintosh; Intel Mac OS X 10_15_7) AppleWebKit/605.1.15 (KHTML, like Gecko) Version/18.6 Safari/605.1.15\"","service":"parcel-routing","timestamp":"2026-07-28T08:28:15.369Z"}
{"level":"info","message":"Configuration validation passed","service":"parcel-routing","timestamp":"2026-07-28T08:29:11.160Z"}
{"level":"info","message":"Configuration validation passed","service":"parcel-routing","timestamp":"2026-07-28T08:29:12.288Z"}
{"level":"info","message":"Configuration validation passed","service":"parcel-routing","timestamp":"2026-07-28T08:29:23.417Z"}
{"level":"info","message":"Configuration validation passed","service":"parcel-routing","timestamp":"2026-07-28T08:29:24.539Z"}
{"error":"Operation `users.findOne()` buffering timed out after 10000ms","level":"error","message":"Login error","service":"parcel-routing","timestamp":"2026-07-28T08:29:36.586Z"}
{"level":"info","message":"::1 - - [28/Jul/2026:08:29:36 +0000] \"POST /api/auth/login HTTP/1.1\" 500 35 \"http://localhost:5173/\" \"Mozilla/5.0 (Macintosh; Intel Mac OS X 10_15_7) AppleWebKit/605.1.15 (KHTML, like Gecko) Version/18.6 Safari/605.1.15\"","service":"parcel-routing","timestamp":"2026-07-28T08:29:36.590Z"}
{"level":"info","message":"::1 - - [28/Jul/2026:08:31:17 +0000] \"POST /api/auth/login HTTP/1.1\" - - \"http://localhost:5173/\" \"Mozilla/5.0 (Macintosh; Intel Mac OS X 10_15_7) AppleWebKit/605.1.15 (KHTML, like Gecko) Version/18.6 Safari/605.1.15\"","service":"parcel-routing","timestamp":"2026-07-28T08:31:17.630Z"}
{"level":"info","message":"Configuration validation passed","service":"parcel-routing","timestamp":"2026-07-28T08:31:41.497Z"}
{"level":"info","message":"Configuration validation passed","service":"parcel-routing","timestamp":"2026-07-28T08:31:57.637Z"}
{"error":"Operation `users.findOne()` buffering timed out after 10000ms","level":"error","message":"Login error","service":"parcel-routing","timestamp":"2026-07-28T08:32:25.113Z"}
{"level":"info","message":"::1 - - [28/Jul/2026:08:32:25 +0000] \"POST /api/auth/login HTTP/1.1\" 500 35 \"http://localhost:5173/\" \"Mozilla/5.0 (Macintosh; Intel Mac OS X 10_15_7) AppleWebKit/605.1.15 (KHTML, like Gecko) Version/18.6 Safari/605.1.15\"","service":"parcel-routing","timestamp":"2026-07-28T08:32:25.117Z"}
{"level":"info","message":"Configuration validation passed","service":"parcel-routing","timestamp":"2026-07-28T08:34:04.688Z"}
{"level":"info","message":"Configuration validation passed","service":"parcel-routing","timestamp":"2026-07-28T08:34:20.478Z"}
{"email":"admin@gmail.com","level":"info","message":"User logged in successfully","service":"parcel-routing","timestamp":"2026-07-28T08:34:22.709Z","userId":"6a6861e91b6a8a3152735902"}
{"level":"info","message":"::1 - - [28/Jul/2026:08:34:22 +0000] \"POST /api/auth/login HTTP/1.1\" 200 131 \"http://localhost:5173/\" \"Mozilla/5.0 (Macintosh; Intel Mac OS X 10_15_7) AppleWebKit/605.1.15 (KHTML, like Gecko) Version/18.6 Safari/605.1.15\"","service":"parcel-routing","timestamp":"2026-07-28T08:34:22.713Z"}
{"email":"admin@gmail.com","level":"info","message":"User logged in successfully","service":"parcel-routing","timestamp":"2026-07-28T08:35:47.219Z","userId":"6a6861e91b6a8a3152735902"}
{"level":"info","message":"::1 - - [28/Jul/2026:08:35:47 +0000] \"POST /api/auth/login HTTP/1.1\" 200 131 \"http://localhost:5173/\" \"Mozilla/5.0 (Macintosh; Intel Mac OS X 10_15_7) AppleWebKit/605.1.15 (KHTML, like Gecko) Version/18.6 Safari/605.1.15\"","service":"parcel-routing","timestamp":"2026-07-28T08:35:47.220Z"}
{"level":"info","message":"Configuration validation passed","service":"parcel-routing","timestamp":"2026-07-28T08:48:46.332Z"}
{"email":"admin@gmail.com","level":"info","message":"User logged in successfully","service":"parcel-routing","timestamp":"2026-07-28T08:49:10.557Z","userId":"6a6861e91b6a8a3152735902"}
{"level":"info","message":"::1 - - [28/Jul/2026:08:49:10 +0000] \"POST /api/auth/login HTTP/1.1\" 200 131 \"http://localhost:5173/\" \"Mozilla/5.0 (Macintosh; Intel Mac OS X 10_15_7) AppleWebKit/605.1.15 (KHTML, like Gecko) Version/18.6 Safari/605.1.15\"","service":"parcel-routing","timestamp":"2026-07-28T08:49:10.560Z"}
{"failed":0,"level":"info","message":"Batch upload completed","processed":3,"service":"parcel-routing","successful":3,"timestamp":"2026-07-28T08:49:17.179Z","userId":"6a6861e91b6a8a3152735902"}
{"level":"info","message":"::1 - - [28/Jul/2026:08:49:17 +0000] \"POST /api/parcels/upload HTTP/1.1\" 200 481 \"http://localhost:5173/\" \"Mozilla/5.0 (Macintosh; Intel Mac OS X 10_15_7) AppleWebKit/605.1.15 (KHTML, like Gecko) Version/18.6 Safari/605.1.15\"","service":"parcel-routing","timestamp":"2026-07-28T08:49:17.181Z"}
{"failed":0,"level":"info","message":"Batch upload completed","processed":3,"service":"parcel-routing","successful":3,"timestamp":"2026-07-28T08:49:22.394Z","userId":"6a6861e91b6a8a3152735902"}
{"level":"info","message":"::1 - - [28/Jul/2026:08:49:22 +0000] \"POST /api/parcels/upload HTTP/1.1\" 200 480 \"http://localhost:5173/\" \"Mozilla/5.0 (Macintosh; Intel Mac OS X 10_15_7) AppleWebKit/605.1.15 (KHTML, like Gecko) Version/18.6 Safari/605.1.15\"","service":"parcel-routing","timestamp":"2026-07-28T08:49:22.396Z"}
{"level":"info","message":"Configuration validation passed","service":"parcel-routing","timestamp":"2026-07-28T09:22:50.401Z"}
